Archive member included to satisfy reference by file (symbol)

c:/users/user/desktop/elec 291/project 2/avr-gcc-9.2.0-x64-mingw/avr-gcc-9.2.0-x64-mingw/bin/../lib/gcc/avr/9.2.0/avr5\libgcc.a(_exit.o)
                              c:/users/user/desktop/elec 291/project 2/avr-gcc-9.2.0-x64-mingw/avr-gcc-9.2.0-x64-mingw/bin/../lib/gcc/avr/9.2.0/../../../../avr/lib/avr5/crtatmega328p.o (exit)
c:/users/user/desktop/elec 291/project 2/avr-gcc-9.2.0-x64-mingw/avr-gcc-9.2.0-x64-mingw/bin/../lib/gcc/avr/9.2.0/avr5\libgcc.a(_copy_data.o)
                              RTC_test.o (__do_copy_data)
c:/users/user/desktop/elec 291/project 2/avr-gcc-9.2.0-x64-mingw/avr-gcc-9.2.0-x64-mingw/bin/../lib/gcc/avr/9.2.0/avr5\libgcc.a(_clear_bss.o)
                              RTC_test.o (__do_clear_bss)
c:/users/user/desktop/elec 291/project 2/avr-gcc-9.2.0-x64-mingw/avr-gcc-9.2.0-x64-mingw/bin/../lib/gcc/avr/9.2.0/../../../../avr/lib/avr5\libc.a(sprintf.o)
                              RTC_test.o (sprintf)
c:/users/user/desktop/elec 291/project 2/avr-gcc-9.2.0-x64-mingw/avr-gcc-9.2.0-x64-mingw/bin/../lib/gcc/avr/9.2.0/../../../../avr/lib/avr5\libc.a(vfprintf_std.o)
                              c:/users/user/desktop/elec 291/project 2/avr-gcc-9.2.0-x64-mingw/avr-gcc-9.2.0-x64-mingw/bin/../lib/gcc/avr/9.2.0/../../../../avr/lib/avr5\libc.a(sprintf.o) (vfprintf)
c:/users/user/desktop/elec 291/project 2/avr-gcc-9.2.0-x64-mingw/avr-gcc-9.2.0-x64-mingw/bin/../lib/gcc/avr/9.2.0/../../../../avr/lib/avr5\libc.a(strnlen_P.o)
                              c:/users/user/desktop/elec 291/project 2/avr-gcc-9.2.0-x64-mingw/avr-gcc-9.2.0-x64-mingw/bin/../lib/gcc/avr/9.2.0/../../../../avr/lib/avr5\libc.a(vfprintf_std.o) (strnlen_P)
c:/users/user/desktop/elec 291/project 2/avr-gcc-9.2.0-x64-mingw/avr-gcc-9.2.0-x64-mingw/bin/../lib/gcc/avr/9.2.0/../../../../avr/lib/avr5\libc.a(strnlen.o)
                              c:/users/user/desktop/elec 291/project 2/avr-gcc-9.2.0-x64-mingw/avr-gcc-9.2.0-x64-mingw/bin/../lib/gcc/avr/9.2.0/../../../../avr/lib/avr5\libc.a(vfprintf_std.o) (strnlen)
c:/users/user/desktop/elec 291/project 2/avr-gcc-9.2.0-x64-mingw/avr-gcc-9.2.0-x64-mingw/bin/../lib/gcc/avr/9.2.0/../../../../avr/lib/avr5\libc.a(fputc.o)
                              c:/users/user/desktop/elec 291/project 2/avr-gcc-9.2.0-x64-mingw/avr-gcc-9.2.0-x64-mingw/bin/../lib/gcc/avr/9.2.0/../../../../avr/lib/avr5\libc.a(vfprintf_std.o) (fputc)
c:/users/user/desktop/elec 291/project 2/avr-gcc-9.2.0-x64-mingw/avr-gcc-9.2.0-x64-mingw/bin/../lib/gcc/avr/9.2.0/../../../../avr/lib/avr5\libc.a(ultoa_invert.o)
                              c:/users/user/desktop/elec 291/project 2/avr-gcc-9.2.0-x64-mingw/avr-gcc-9.2.0-x64-mingw/bin/../lib/gcc/avr/9.2.0/../../../../avr/lib/avr5\libc.a(vfprintf_std.o) (__ultoa_invert)
c:/users/user/desktop/elec 291/project 2/avr-gcc-9.2.0-x64-mingw/avr-gcc-9.2.0-x64-mingw/bin/../lib/gcc/avr/9.2.0/avr5\libgcc.a(_prologue.o)
                              c:/users/user/desktop/elec 291/project 2/avr-gcc-9.2.0-x64-mingw/avr-gcc-9.2.0-x64-mingw/bin/../lib/gcc/avr/9.2.0/../../../../avr/lib/avr5\libc.a(sprintf.o) (__prologue_saves__)
c:/users/user/desktop/elec 291/project 2/avr-gcc-9.2.0-x64-mingw/avr-gcc-9.2.0-x64-mingw/bin/../lib/gcc/avr/9.2.0/avr5\libgcc.a(_epilogue.o)
                              c:/users/user/desktop/elec 291/project 2/avr-gcc-9.2.0-x64-mingw/avr-gcc-9.2.0-x64-mingw/bin/../lib/gcc/avr/9.2.0/../../../../avr/lib/avr5\libc.a(sprintf.o) (__epilogue_restores__)

Allocating common symbols
Common symbol       size              file

b                   0x2               RTC_test.o
timeStamp           0xe               RTC_test.o
flag                0x2               RTC_test.o
ind                 0x2               RTC_test.o
buf1                0x14              RTC_test.o
c                   0x2               RTC_test.o
data                0xa               RTC_test.o
s                   0x2               RTC_test.o
day                 0x2               RTC_test.o
buf                 0x14              RTC_test.o
a                   0x2               RTC_test.o

Memory Configuration

Name             Origin             Length             Attributes
text             0x0000000000000000 0x0000000000020000 xr
data             0x0000000000800060 0x000000000000ffa0 rw !x
eeprom           0x0000000000810000 0x0000000000010000 rw !x
fuse             0x0000000000820000 0x0000000000000003 rw !x
lock             0x0000000000830000 0x0000000000000400 rw !x
signature        0x0000000000840000 0x0000000000000400 rw !x
user_signatures  0x0000000000850000 0x0000000000000400 rw !x
*default*        0x0000000000000000 0xffffffffffffffff

Linker script and memory map

Address of section .data set to 0x800100
LOAD c:/users/user/desktop/elec 291/project 2/avr-gcc-9.2.0-x64-mingw/avr-gcc-9.2.0-x64-mingw/bin/../lib/gcc/avr/9.2.0/../../../../avr/lib/avr5/crtatmega328p.o
LOAD RTC_test.o
START GROUP
LOAD c:/users/user/desktop/elec 291/project 2/avr-gcc-9.2.0-x64-mingw/avr-gcc-9.2.0-x64-mingw/bin/../lib/gcc/avr/9.2.0/avr5\libgcc.a
LOAD c:/users/user/desktop/elec 291/project 2/avr-gcc-9.2.0-x64-mingw/avr-gcc-9.2.0-x64-mingw/bin/../lib/gcc/avr/9.2.0/../../../../avr/lib/avr5\libm.a
LOAD c:/users/user/desktop/elec 291/project 2/avr-gcc-9.2.0-x64-mingw/avr-gcc-9.2.0-x64-mingw/bin/../lib/gcc/avr/9.2.0/../../../../avr/lib/avr5\libc.a
LOAD c:/users/user/desktop/elec 291/project 2/avr-gcc-9.2.0-x64-mingw/avr-gcc-9.2.0-x64-mingw/bin/../lib/gcc/avr/9.2.0/../../../../avr/lib/avr5\libatmega328p.a
END GROUP
                0x0000000000020000                __TEXT_REGION_LENGTH__ = DEFINED (__TEXT_REGION_LENGTH__)?__TEXT_REGION_LENGTH__:0x20000
                0x000000000000ffa0                __DATA_REGION_LENGTH__ = DEFINED (__DATA_REGION_LENGTH__)?__DATA_REGION_LENGTH__:0xffa0
                0x0000000000010000                __EEPROM_REGION_LENGTH__ = DEFINED (__EEPROM_REGION_LENGTH__)?__EEPROM_REGION_LENGTH__:0x10000
                [0x0000000000000003]                __FUSE_REGION_LENGTH__ = DEFINED (__FUSE_REGION_LENGTH__)?__FUSE_REGION_LENGTH__:0x400
                0x0000000000000400                __LOCK_REGION_LENGTH__ = DEFINED (__LOCK_REGION_LENGTH__)?__LOCK_REGION_LENGTH__:0x400
                0x0000000000000400                __SIGNATURE_REGION_LENGTH__ = DEFINED (__SIGNATURE_REGION_LENGTH__)?__SIGNATURE_REGION_LENGTH__:0x400
                0x0000000000000400                __USER_SIGNATURE_REGION_LENGTH__ = DEFINED (__USER_SIGNATURE_REGION_LENGTH__)?__USER_SIGNATURE_REGION_LENGTH__:0x400

.hash
 *(.hash)

.dynsym
 *(.dynsym)

.dynstr
 *(.dynstr)

.gnu.version
 *(.gnu.version)

.gnu.version_d
 *(.gnu.version_d)

.gnu.version_r
 *(.gnu.version_r)

.rel.init
 *(.rel.init)

.rela.init
 *(.rela.init)

.rel.text
 *(.rel.text)
 *(.rel.text.*)
 *(.rel.gnu.linkonce.t*)

.rela.text
 *(.rela.text)
 *(.rela.text.*)
 *(.rela.gnu.linkonce.t*)

.rel.fini
 *(.rel.fini)

.rela.fini
 *(.rela.fini)

.rel.rodata
 *(.rel.rodata)
 *(.rel.rodata.*)
 *(.rel.gnu.linkonce.r*)

.rela.rodata
 *(.rela.rodata)
 *(.rela.rodata.*)
 *(.rela.gnu.linkonce.r*)

.rel.data
 *(.rel.data)
 *(.rel.data.*)
 *(.rel.gnu.linkonce.d*)

.rela.data
 *(.rela.data)
 *(.rela.data.*)
 *(.rela.gnu.linkonce.d*)

.rel.ctors
 *(.rel.ctors)

.rela.ctors
 *(.rela.ctors)

.rel.dtors
 *(.rel.dtors)

.rela.dtors
 *(.rela.dtors)

.rel.got
 *(.rel.got)

.rela.got
 *(.rela.got)

.rel.bss
 *(.rel.bss)

.rela.bss
 *(.rela.bss)

.rel.plt
 *(.rel.plt)

.rela.plt
 *(.rela.plt)

.text           0x0000000000000000      0xf70
 *(.vectors)
 .vectors       0x0000000000000000       0x68 c:/users/user/desktop/elec 291/project 2/avr-gcc-9.2.0-x64-mingw/avr-gcc-9.2.0-x64-mingw/bin/../lib/gcc/avr/9.2.0/../../../../avr/lib/avr5/crtatmega328p.o
                0x0000000000000000                __vector_default
                0x0000000000000000                __vectors
 *(.vectors)
 *(.progmem.gcc*)
                0x0000000000000068                . = ALIGN (0x2)
                0x0000000000000068                __trampolines_start = .
 *(.trampolines)
 .trampolines   0x0000000000000068        0x0 linker stubs
 *(.trampolines*)
                0x0000000000000068                __trampolines_end = .
 *libprintf_flt.a:*(.progmem.data)
 *libc.a:*(.progmem.data)
 *(.progmem.*)
                0x0000000000000068                . = ALIGN (0x2)
 *(.lowtext)
 *(.lowtext*)
                0x0000000000000068                __ctors_start = .
 *(.ctors)
                0x0000000000000068                __ctors_end = .
                0x0000000000000068                __dtors_start = .
 *(.dtors)
                0x0000000000000068                __dtors_end = .
 SORT_BY_NAME(*)(.ctors)
 SORT_BY_NAME(*)(.dtors)
 *(.init0)
 .init0         0x0000000000000068        0x0 c:/users/user/desktop/elec 291/project 2/avr-gcc-9.2.0-x64-mingw/avr-gcc-9.2.0-x64-mingw/bin/../lib/gcc/avr/9.2.0/../../../../avr/lib/avr5/crtatmega328p.o
                0x0000000000000068                __init
 *(.init0)
 *(.init1)
 *(.init1)
 *(.init2)
 .init2         0x0000000000000068        0xc c:/users/user/desktop/elec 291/project 2/avr-gcc-9.2.0-x64-mingw/avr-gcc-9.2.0-x64-mingw/bin/../lib/gcc/avr/9.2.0/../../../../avr/lib/avr5/crtatmega328p.o
 *(.init2)
 *(.init3)
 *(.init3)
 *(.init4)
 .init4         0x0000000000000074       0x16 c:/users/user/desktop/elec 291/project 2/avr-gcc-9.2.0-x64-mingw/avr-gcc-9.2.0-x64-mingw/bin/../lib/gcc/avr/9.2.0/avr5\libgcc.a(_copy_data.o)
                0x0000000000000074                __do_copy_data
 .init4         0x000000000000008a       0x10 c:/users/user/desktop/elec 291/project 2/avr-gcc-9.2.0-x64-mingw/avr-gcc-9.2.0-x64-mingw/bin/../lib/gcc/avr/9.2.0/avr5\libgcc.a(_clear_bss.o)
                0x000000000000008a                __do_clear_bss
 *(.init4)
 *(.init5)
 *(.init5)
 *(.init6)
 *(.init6)
 *(.init7)
 *(.init7)
 *(.init8)
 *(.init8)
 *(.init9)
 .init9         0x000000000000009a        0x8 c:/users/user/desktop/elec 291/project 2/avr-gcc-9.2.0-x64-mingw/avr-gcc-9.2.0-x64-mingw/bin/../lib/gcc/avr/9.2.0/../../../../avr/lib/avr5/crtatmega328p.o
 *(.init9)
 *(.text)
 .text          0x00000000000000a2        0x4 c:/users/user/desktop/elec 291/project 2/avr-gcc-9.2.0-x64-mingw/avr-gcc-9.2.0-x64-mingw/bin/../lib/gcc/avr/9.2.0/../../../../avr/lib/avr5/crtatmega328p.o
                0x00000000000000a2                __vector_22
                0x00000000000000a2                __vector_1
                0x00000000000000a2                __vector_24
                0x00000000000000a2                __vector_12
                0x00000000000000a2                __bad_interrupt
                0x00000000000000a2                __vector_6
                0x00000000000000a2                __vector_3
                0x00000000000000a2                __vector_23
                0x00000000000000a2                __vector_25
                0x00000000000000a2                __vector_11
                0x00000000000000a2                __vector_13
                0x00000000000000a2                __vector_17
                0x00000000000000a2                __vector_19
                0x00000000000000a2                __vector_7
                0x00000000000000a2                __vector_5
                0x00000000000000a2                __vector_4
                0x00000000000000a2                __vector_9
                0x00000000000000a2                __vector_2
                0x00000000000000a2                __vector_21
                0x00000000000000a2                __vector_15
                0x00000000000000a2                __vector_8
                0x00000000000000a2                __vector_14
                0x00000000000000a2                __vector_10
                0x00000000000000a2                __vector_16
                0x00000000000000a2                __vector_18
                0x00000000000000a2                __vector_20
 .text          0x00000000000000a6      0x8de RTC_test.o
                0x00000000000000a6                pinChange
                0x0000000000000276                Lcd4_Port
                0x00000000000002cc                Lcd4_Cmd
                0x0000000000000334                Lcd4_Clear
                0x0000000000000340                Lcd4_Set_Cursor
                0x0000000000000372                Lcd4_Init
                0x00000000000003d8                Lcd4_Write_Char
                0x0000000000000462                Lcd4_Write_String
                0x000000000000047a                Lcd4_Shift_Right
                0x0000000000000486                Lcd4_Shift_Left
                0x0000000000000492                bcdtochar
                0x00000000000004c8                RTC_start
                0x00000000000004d8                RTC_stp
                0x00000000000004e0                RTC_read
                0x0000000000000538                sec_init
                0x000000000000054c                min_init
                0x0000000000000550                hr_init
                0x0000000000000554                day_init
                0x0000000000000558                date_init
                0x000000000000055c                month_init
                0x0000000000000560                yr_init
                0x0000000000000564                sec_rw
                0x000000000000057e                min_rw
                0x00000000000005a2                hr_rw
                0x00000000000005a6                day_rd
                0x00000000000005aa                date_rw
                0x00000000000005ae                month_rw
                0x00000000000005b2                yr_rw
                0x00000000000005d6                device
                0x00000000000005fe                RTCTimeSet
                0x0000000000000638                change_date
                0x0000000000000760                change_time
                0x0000000000000762                RTC_Change_Time
                0x00000000000007c2                show
                0x000000000000092e                RTC
 .text          0x0000000000000984        0x0 c:/users/user/desktop/elec 291/project 2/avr-gcc-9.2.0-x64-mingw/avr-gcc-9.2.0-x64-mingw/bin/../lib/gcc/avr/9.2.0/avr5\libgcc.a(_exit.o)
 .text          0x0000000000000984        0x0 c:/users/user/desktop/elec 291/project 2/avr-gcc-9.2.0-x64-mingw/avr-gcc-9.2.0-x64-mingw/bin/../lib/gcc/avr/9.2.0/avr5\libgcc.a(_copy_data.o)
 .text          0x0000000000000984        0x0 c:/users/user/desktop/elec 291/project 2/avr-gcc-9.2.0-x64-mingw/avr-gcc-9.2.0-x64-mingw/bin/../lib/gcc/avr/9.2.0/avr5\libgcc.a(_clear_bss.o)
 .text          0x0000000000000984        0x0 c:/users/user/desktop/elec 291/project 2/avr-gcc-9.2.0-x64-mingw/avr-gcc-9.2.0-x64-mingw/bin/../lib/gcc/avr/9.2.0/../../../../avr/lib/avr5\libc.a(sprintf.o)
 .text          0x0000000000000984        0x0 c:/users/user/desktop/elec 291/project 2/avr-gcc-9.2.0-x64-mingw/avr-gcc-9.2.0-x64-mingw/bin/../lib/gcc/avr/9.2.0/../../../../avr/lib/avr5\libc.a(vfprintf_std.o)
 .text          0x0000000000000984        0x0 c:/users/user/desktop/elec 291/project 2/avr-gcc-9.2.0-x64-mingw/avr-gcc-9.2.0-x64-mingw/bin/../lib/gcc/avr/9.2.0/../../../../avr/lib/avr5\libc.a(strnlen_P.o)
 .text          0x0000000000000984        0x0 c:/users/user/desktop/elec 291/project 2/avr-gcc-9.2.0-x64-mingw/avr-gcc-9.2.0-x64-mingw/bin/../lib/gcc/avr/9.2.0/../../../../avr/lib/avr5\libc.a(strnlen.o)
 .text          0x0000000000000984        0x0 c:/users/user/desktop/elec 291/project 2/avr-gcc-9.2.0-x64-mingw/avr-gcc-9.2.0-x64-mingw/bin/../lib/gcc/avr/9.2.0/../../../../avr/lib/avr5\libc.a(fputc.o)
 .text          0x0000000000000984        0x0 c:/users/user/desktop/elec 291/project 2/avr-gcc-9.2.0-x64-mingw/avr-gcc-9.2.0-x64-mingw/bin/../lib/gcc/avr/9.2.0/../../../../avr/lib/avr5\libc.a(ultoa_invert.o)
 .text          0x0000000000000984        0x0 c:/users/user/desktop/elec 291/project 2/avr-gcc-9.2.0-x64-mingw/avr-gcc-9.2.0-x64-mingw/bin/../lib/gcc/avr/9.2.0/avr5\libgcc.a(_prologue.o)
 .text          0x0000000000000984        0x0 c:/users/user/desktop/elec 291/project 2/avr-gcc-9.2.0-x64-mingw/avr-gcc-9.2.0-x64-mingw/bin/../lib/gcc/avr/9.2.0/avr5\libgcc.a(_epilogue.o)
                0x0000000000000984                . = ALIGN (0x2)
 *(.text.*)
 .text.startup  0x0000000000000984       0x3c RTC_test.o
                0x0000000000000984                main
 .text.libgcc.mul
                0x00000000000009c0        0x0 c:/users/user/desktop/elec 291/project 2/avr-gcc-9.2.0-x64-mingw/avr-gcc-9.2.0-x64-mingw/bin/../lib/gcc/avr/9.2.0/avr5\libgcc.a(_exit.o)
 .text.libgcc.div
                0x00000000000009c0        0x0 c:/users/user/desktop/elec 291/project 2/avr-gcc-9.2.0-x64-mingw/avr-gcc-9.2.0-x64-mingw/bin/../lib/gcc/avr/9.2.0/avr5\libgcc.a(_exit.o)
 .text.libgcc   0x00000000000009c0        0x0 c:/users/user/desktop/elec 291/project 2/avr-gcc-9.2.0-x64-mingw/avr-gcc-9.2.0-x64-mingw/bin/../lib/gcc/avr/9.2.0/avr5\libgcc.a(_exit.o)
 .text.libgcc.prologue
                0x00000000000009c0        0x0 c:/users/user/desktop/elec 291/project 2/avr-gcc-9.2.0-x64-mingw/avr-gcc-9.2.0-x64-mingw/bin/../lib/gcc/avr/9.2.0/avr5\libgcc.a(_exit.o)
 .text.libgcc.builtins
                0x00000000000009c0        0x0 c:/users/user/desktop/elec 291/project 2/avr-gcc-9.2.0-x64-mingw/avr-gcc-9.2.0-x64-mingw/bin/../lib/gcc/avr/9.2.0/avr5\libgcc.a(_exit.o)
 .text.libgcc.fmul
                0x00000000000009c0        0x0 c:/users/user/desktop/elec 291/project 2/avr-gcc-9.2.0-x64-mingw/avr-gcc-9.2.0-x64-mingw/bin/../lib/gcc/avr/9.2.0/avr5\libgcc.a(_exit.o)
 .text.libgcc.fixed
                0x00000000000009c0        0x0 c:/users/user/desktop/elec 291/project 2/avr-gcc-9.2.0-x64-mingw/avr-gcc-9.2.0-x64-mingw/bin/../lib/gcc/avr/9.2.0/avr5\libgcc.a(_exit.o)
 .text.libgcc.mul
                0x00000000000009c0        0x0 c:/users/user/desktop/elec 291/project 2/avr-gcc-9.2.0-x64-mingw/avr-gcc-9.2.0-x64-mingw/bin/../lib/gcc/avr/9.2.0/avr5\libgcc.a(_copy_data.o)
 .text.libgcc.div
                0x00000000000009c0        0x0 c:/users/user/desktop/elec 291/project 2/avr-gcc-9.2.0-x64-mingw/avr-gcc-9.2.0-x64-mingw/bin/../lib/gcc/avr/9.2.0/avr5\libgcc.a(_copy_data.o)
 .text.libgcc   0x00000000000009c0        0x0 c:/users/user/desktop/elec 291/project 2/avr-gcc-9.2.0-x64-mingw/avr-gcc-9.2.0-x64-mingw/bin/../lib/gcc/avr/9.2.0/avr5\libgcc.a(_copy_data.o)
 .text.libgcc.prologue
                0x00000000000009c0        0x0 c:/users/user/desktop/elec 291/project 2/avr-gcc-9.2.0-x64-mingw/avr-gcc-9.2.0-x64-mingw/bin/../lib/gcc/avr/9.2.0/avr5\libgcc.a(_copy_data.o)
 .text.libgcc.builtins
                0x00000000000009c0        0x0 c:/users/user/desktop/elec 291/project 2/avr-gcc-9.2.0-x64-mingw/avr-gcc-9.2.0-x64-mingw/bin/../lib/gcc/avr/9.2.0/avr5\libgcc.a(_copy_data.o)
 .text.libgcc.fmul
                0x00000000000009c0        0x0 c:/users/user/desktop/elec 291/project 2/avr-gcc-9.2.0-x64-mingw/avr-gcc-9.2.0-x64-mingw/bin/../lib/gcc/avr/9.2.0/avr5\libgcc.a(_copy_data.o)
 .text.libgcc.fixed
                0x00000000000009c0        0x0 c:/users/user/desktop/elec 291/project 2/avr-gcc-9.2.0-x64-mingw/avr-gcc-9.2.0-x64-mingw/bin/../lib/gcc/avr/9.2.0/avr5\libgcc.a(_copy_data.o)
 .text.libgcc.mul
                0x00000000000009c0        0x0 c:/users/user/desktop/elec 291/project 2/avr-gcc-9.2.0-x64-mingw/avr-gcc-9.2.0-x64-mingw/bin/../lib/gcc/avr/9.2.0/avr5\libgcc.a(_clear_bss.o)
 .text.libgcc.div
                0x00000000000009c0        0x0 c:/users/user/desktop/elec 291/project 2/avr-gcc-9.2.0-x64-mingw/avr-gcc-9.2.0-x64-mingw/bin/../lib/gcc/avr/9.2.0/avr5\libgcc.a(_clear_bss.o)
 .text.libgcc   0x00000000000009c0        0x0 c:/users/user/desktop/elec 291/project 2/avr-gcc-9.2.0-x64-mingw/avr-gcc-9.2.0-x64-mingw/bin/../lib/gcc/avr/9.2.0/avr5\libgcc.a(_clear_bss.o)
 .text.libgcc.prologue
                0x00000000000009c0        0x0 c:/users/user/desktop/elec 291/project 2/avr-gcc-9.2.0-x64-mingw/avr-gcc-9.2.0-x64-mingw/bin/../lib/gcc/avr/9.2.0/avr5\libgcc.a(_clear_bss.o)
 .text.libgcc.builtins
                0x00000000000009c0        0x0 c:/users/user/desktop/elec 291/project 2/avr-gcc-9.2.0-x64-mingw/avr-gcc-9.2.0-x64-mingw/bin/../lib/gcc/avr/9.2.0/avr5\libgcc.a(_clear_bss.o)
 .text.libgcc.fmul
                0x00000000000009c0        0x0 c:/users/user/desktop/elec 291/project 2/avr-gcc-9.2.0-x64-mingw/avr-gcc-9.2.0-x64-mingw/bin/../lib/gcc/avr/9.2.0/avr5\libgcc.a(_clear_bss.o)
 .text.libgcc.fixed
                0x00000000000009c0        0x0 c:/users/user/desktop/elec 291/project 2/avr-gcc-9.2.0-x64-mingw/avr-gcc-9.2.0-x64-mingw/bin/../lib/gcc/avr/9.2.0/avr5\libgcc.a(_clear_bss.o)
 .text.avr-libc
                0x00000000000009c0       0x46 c:/users/user/desktop/elec 291/project 2/avr-gcc-9.2.0-x64-mingw/avr-gcc-9.2.0-x64-mingw/bin/../lib/gcc/avr/9.2.0/../../../../avr/lib/avr5\libc.a(sprintf.o)
                0x00000000000009c0                sprintf
 .text.avr-libc
                0x0000000000000a06      0x3b0 c:/users/user/desktop/elec 291/project 2/avr-gcc-9.2.0-x64-mingw/avr-gcc-9.2.0-x64-mingw/bin/../lib/gcc/avr/9.2.0/../../../../avr/lib/avr5\libc.a(vfprintf_std.o)
                0x0000000000000a06                vfprintf
 .text.avr-libc
                0x0000000000000db6       0x16 c:/users/user/desktop/elec 291/project 2/avr-gcc-9.2.0-x64-mingw/avr-gcc-9.2.0-x64-mingw/bin/../lib/gcc/avr/9.2.0/../../../../avr/lib/avr5\libc.a(strnlen_P.o)
                0x0000000000000db6                strnlen_P
 .text.avr-libc
                0x0000000000000dcc       0x16 c:/users/user/desktop/elec 291/project 2/avr-gcc-9.2.0-x64-mingw/avr-gcc-9.2.0-x64-mingw/bin/../lib/gcc/avr/9.2.0/../../../../avr/lib/avr5\libc.a(strnlen.o)
                0x0000000000000dcc                strnlen
 .text.avr-libc
                0x0000000000000de2       0x60 c:/users/user/desktop/elec 291/project 2/avr-gcc-9.2.0-x64-mingw/avr-gcc-9.2.0-x64-mingw/bin/../lib/gcc/avr/9.2.0/../../../../avr/lib/avr5\libc.a(fputc.o)
                0x0000000000000de2                fputc
 .text.avr-libc
                0x0000000000000e42       0xbc c:/users/user/desktop/elec 291/project 2/avr-gcc-9.2.0-x64-mingw/avr-gcc-9.2.0-x64-mingw/bin/../lib/gcc/avr/9.2.0/../../../../avr/lib/avr5\libc.a(ultoa_invert.o)
                0x0000000000000e42                __ultoa_invert
 .text.libgcc.mul
                0x0000000000000efe        0x0 c:/users/user/desktop/elec 291/project 2/avr-gcc-9.2.0-x64-mingw/avr-gcc-9.2.0-x64-mingw/bin/../lib/gcc/avr/9.2.0/avr5\libgcc.a(_prologue.o)
 .text.libgcc.div
                0x0000000000000efe        0x0 c:/users/user/desktop/elec 291/project 2/avr-gcc-9.2.0-x64-mingw/avr-gcc-9.2.0-x64-mingw/bin/../lib/gcc/avr/9.2.0/avr5\libgcc.a(_prologue.o)
 .text.libgcc   0x0000000000000efe        0x0 c:/users/user/desktop/elec 291/project 2/avr-gcc-9.2.0-x64-mingw/avr-gcc-9.2.0-x64-mingw/bin/../lib/gcc/avr/9.2.0/avr5\libgcc.a(_prologue.o)
 .text.libgcc.prologue
                0x0000000000000efe       0x38 c:/users/user/desktop/elec 291/project 2/avr-gcc-9.2.0-x64-mingw/avr-gcc-9.2.0-x64-mingw/bin/../lib/gcc/avr/9.2.0/avr5\libgcc.a(_prologue.o)
                0x0000000000000efe                __prologue_saves__
 .text.libgcc.builtins
                0x0000000000000f36        0x0 c:/users/user/desktop/elec 291/project 2/avr-gcc-9.2.0-x64-mingw/avr-gcc-9.2.0-x64-mingw/bin/../lib/gcc/avr/9.2.0/avr5\libgcc.a(_prologue.o)
 .text.libgcc.fmul
                0x0000000000000f36        0x0 c:/users/user/desktop/elec 291/project 2/avr-gcc-9.2.0-x64-mingw/avr-gcc-9.2.0-x64-mingw/bin/../lib/gcc/avr/9.2.0/avr5\libgcc.a(_prologue.o)
 .text.libgcc.fixed
                0x0000000000000f36        0x0 c:/users/user/desktop/elec 291/project 2/avr-gcc-9.2.0-x64-mingw/avr-gcc-9.2.0-x64-mingw/bin/../lib/gcc/avr/9.2.0/avr5\libgcc.a(_prologue.o)
 .text.libgcc.mul
                0x0000000000000f36        0x0 c:/users/user/desktop/elec 291/project 2/avr-gcc-9.2.0-x64-mingw/avr-gcc-9.2.0-x64-mingw/bin/../lib/gcc/avr/9.2.0/avr5\libgcc.a(_epilogue.o)
 .text.libgcc.div
                0x0000000000000f36        0x0 c:/users/user/desktop/elec 291/project 2/avr-gcc-9.2.0-x64-mingw/avr-gcc-9.2.0-x64-mingw/bin/../lib/gcc/avr/9.2.0/avr5\libgcc.a(_epilogue.o)
 .text.libgcc   0x0000000000000f36        0x0 c:/users/user/desktop/elec 291/project 2/avr-gcc-9.2.0-x64-mingw/avr-gcc-9.2.0-x64-mingw/bin/../lib/gcc/avr/9.2.0/avr5\libgcc.a(_epilogue.o)
 .text.libgcc.prologue
                0x0000000000000f36       0x36 c:/users/user/desktop/elec 291/project 2/avr-gcc-9.2.0-x64-mingw/avr-gcc-9.2.0-x64-mingw/bin/../lib/gcc/avr/9.2.0/avr5\libgcc.a(_epilogue.o)
                0x0000000000000f36                __epilogue_restores__
 .text.libgcc.builtins
                0x0000000000000f6c        0x0 c:/users/user/desktop/elec 291/project 2/avr-gcc-9.2.0-x64-mingw/avr-gcc-9.2.0-x64-mingw/bin/../lib/gcc/avr/9.2.0/avr5\libgcc.a(_epilogue.o)
 .text.libgcc.fmul
                0x0000000000000f6c        0x0 c:/users/user/desktop/elec 291/project 2/avr-gcc-9.2.0-x64-mingw/avr-gcc-9.2.0-x64-mingw/bin/../lib/gcc/avr/9.2.0/avr5\libgcc.a(_epilogue.o)
 .text.libgcc.fixed
                0x0000000000000f6c        0x0 c:/users/user/desktop/elec 291/project 2/avr-gcc-9.2.0-x64-mingw/avr-gcc-9.2.0-x64-mingw/bin/../lib/gcc/avr/9.2.0/avr5\libgcc.a(_epilogue.o)
                0x0000000000000f6c                . = ALIGN (0x2)
 *(.fini9)
 .fini9         0x0000000000000f6c        0x0 c:/users/user/desktop/elec 291/project 2/avr-gcc-9.2.0-x64-mingw/avr-gcc-9.2.0-x64-mingw/bin/../lib/gcc/avr/9.2.0/avr5\libgcc.a(_exit.o)
                0x0000000000000f6c                _exit
                0x0000000000000f6c                exit
 *(.fini9)
 *(.fini8)
 *(.fini8)
 *(.fini7)
 *(.fini7)
 *(.fini6)
 *(.fini6)
 *(.fini5)
 *(.fini5)
 *(.fini4)
 *(.fini4)
 *(.fini3)
 *(.fini3)
 *(.fini2)
 *(.fini2)
 *(.fini1)
 *(.fini1)
 *(.fini0)
 .fini0         0x0000000000000f6c        0x4 c:/users/user/desktop/elec 291/project 2/avr-gcc-9.2.0-x64-mingw/avr-gcc-9.2.0-x64-mingw/bin/../lib/gcc/avr/9.2.0/avr5\libgcc.a(_exit.o)
 *(.fini0)
 *(.hightext)
 *(.hightext*)
 *(.progmemx.*)
                0x0000000000000f70                . = ALIGN (0x2)
 *(.jumptables)
 *(.jumptables*)
                0x0000000000000f70                _etext = .

.data           0x0000000000800100       0xbe load address 0x0000000000000f70
                0x0000000000800100                PROVIDE (__data_start = .)
 *(.data)
 .data          0x0000000000800100        0x0 c:/users/user/desktop/elec 291/project 2/avr-gcc-9.2.0-x64-mingw/avr-gcc-9.2.0-x64-mingw/bin/../lib/gcc/avr/9.2.0/../../../../avr/lib/avr5/crtatmega328p.o
 .data          0x0000000000800100       0x23 RTC_test.o
                0x0000000000800100                f_delete
                0x0000000000800110                f_storeModel
                0x000000000080011f                id
                0x0000000000800121                g_timerflag
 .data          0x0000000000800123        0x0 c:/users/user/desktop/elec 291/project 2/avr-gcc-9.2.0-x64-mingw/avr-gcc-9.2.0-x64-mingw/bin/../lib/gcc/avr/9.2.0/avr5\libgcc.a(_exit.o)
 .data          0x0000000000800123        0x0 c:/users/user/desktop/elec 291/project 2/avr-gcc-9.2.0-x64-mingw/avr-gcc-9.2.0-x64-mingw/bin/../lib/gcc/avr/9.2.0/avr5\libgcc.a(_copy_data.o)
 .data          0x0000000000800123        0x0 c:/users/user/desktop/elec 291/project 2/avr-gcc-9.2.0-x64-mingw/avr-gcc-9.2.0-x64-mingw/bin/../lib/gcc/avr/9.2.0/avr5\libgcc.a(_clear_bss.o)
 .data          0x0000000000800123        0x0 c:/users/user/desktop/elec 291/project 2/avr-gcc-9.2.0-x64-mingw/avr-gcc-9.2.0-x64-mingw/bin/../lib/gcc/avr/9.2.0/../../../../avr/lib/avr5\libc.a(sprintf.o)
 .data          0x0000000000800123        0x0 c:/users/user/desktop/elec 291/project 2/avr-gcc-9.2.0-x64-mingw/avr-gcc-9.2.0-x64-mingw/bin/../lib/gcc/avr/9.2.0/../../../../avr/lib/avr5\libc.a(vfprintf_std.o)
 .data          0x0000000000800123        0x0 c:/users/user/desktop/elec 291/project 2/avr-gcc-9.2.0-x64-mingw/avr-gcc-9.2.0-x64-mingw/bin/../lib/gcc/avr/9.2.0/../../../../avr/lib/avr5\libc.a(strnlen_P.o)
 .data          0x0000000000800123        0x0 c:/users/user/desktop/elec 291/project 2/avr-gcc-9.2.0-x64-mingw/avr-gcc-9.2.0-x64-mingw/bin/../lib/gcc/avr/9.2.0/../../../../avr/lib/avr5\libc.a(strnlen.o)
 .data          0x0000000000800123        0x0 c:/users/user/desktop/elec 291/project 2/avr-gcc-9.2.0-x64-mingw/avr-gcc-9.2.0-x64-mingw/bin/../lib/gcc/avr/9.2.0/../../../../avr/lib/avr5\libc.a(fputc.o)
 .data          0x0000000000800123        0x0 c:/users/user/desktop/elec 291/project 2/avr-gcc-9.2.0-x64-mingw/avr-gcc-9.2.0-x64-mingw/bin/../lib/gcc/avr/9.2.0/../../../../avr/lib/avr5\libc.a(ultoa_invert.o)
 .data          0x0000000000800123        0x0 c:/users/user/desktop/elec 291/project 2/avr-gcc-9.2.0-x64-mingw/avr-gcc-9.2.0-x64-mingw/bin/../lib/gcc/avr/9.2.0/avr5\libgcc.a(_prologue.o)
 .data          0x0000000000800123        0x0 c:/users/user/desktop/elec 291/project 2/avr-gcc-9.2.0-x64-mingw/avr-gcc-9.2.0-x64-mingw/bin/../lib/gcc/avr/9.2.0/avr5\libgcc.a(_epilogue.o)
 *(.data*)
 *(.gnu.linkonce.d*)
 *(.rodata)
 .rodata        0x0000000000800123       0x53 RTC_test.o
                0x0000000000800123                f_search
                0x0000000000800134                f_createModel
                0x0000000000800140                f_imz2ch2
                0x000000000080014d                f_imz2ch1
                0x000000000080015a                f_detect
                0x0000000000800166                passPack
 *(.rodata*)
 .rodata.str1.1
                0x0000000000800176       0x48 RTC_test.o
                                         0x4f (size before relaxing)
 *(.gnu.linkonce.r*)
                0x00000000008001be                . = ALIGN (0x2)
                0x00000000008001be                _edata = .
                0x00000000008001be                PROVIDE (__data_end = .)

.bss            0x00000000008001be       0x52
                0x00000000008001be                PROVIDE (__bss_start = .)
 *(.bss)
 .bss           0x00000000008001be        0x0 c:/users/user/desktop/elec 291/project 2/avr-gcc-9.2.0-x64-mingw/avr-gcc-9.2.0-x64-mingw/bin/../lib/gcc/avr/9.2.0/../../../../avr/lib/avr5/crtatmega328p.o
 .bss           0x00000000008001be        0x4 RTC_test.o
                0x00000000008001be                count
                0x00000000008001c0                msCount
 .bss           0x00000000008001c2        0x0 c:/users/user/desktop/elec 291/project 2/avr-gcc-9.2.0-x64-mingw/avr-gcc-9.2.0-x64-mingw/bin/../lib/gcc/avr/9.2.0/avr5\libgcc.a(_exit.o)
 .bss           0x00000000008001c2        0x0 c:/users/user/desktop/elec 291/project 2/avr-gcc-9.2.0-x64-mingw/avr-gcc-9.2.0-x64-mingw/bin/../lib/gcc/avr/9.2.0/avr5\libgcc.a(_copy_data.o)
 .bss           0x00000000008001c2        0x0 c:/users/user/desktop/elec 291/project 2/avr-gcc-9.2.0-x64-mingw/avr-gcc-9.2.0-x64-mingw/bin/../lib/gcc/avr/9.2.0/avr5\libgcc.a(_clear_bss.o)
 .bss           0x00000000008001c2        0x0 c:/users/user/desktop/elec 291/project 2/avr-gcc-9.2.0-x64-mingw/avr-gcc-9.2.0-x64-mingw/bin/../lib/gcc/avr/9.2.0/../../../../avr/lib/avr5\libc.a(sprintf.o)
 .bss           0x00000000008001c2        0x0 c:/users/user/desktop/elec 291/project 2/avr-gcc-9.2.0-x64-mingw/avr-gcc-9.2.0-x64-mingw/bin/../lib/gcc/avr/9.2.0/../../../../avr/lib/avr5\libc.a(vfprintf_std.o)
 .bss           0x00000000008001c2        0x0 c:/users/user/desktop/elec 291/project 2/avr-gcc-9.2.0-x64-mingw/avr-gcc-9.2.0-x64-mingw/bin/../lib/gcc/avr/9.2.0/../../../../avr/lib/avr5\libc.a(strnlen_P.o)
 .bss           0x00000000008001c2        0x0 c:/users/user/desktop/elec 291/project 2/avr-gcc-9.2.0-x64-mingw/avr-gcc-9.2.0-x64-mingw/bin/../lib/gcc/avr/9.2.0/../../../../avr/lib/avr5\libc.a(strnlen.o)
 .bss           0x00000000008001c2        0x0 c:/users/user/desktop/elec 291/project 2/avr-gcc-9.2.0-x64-mingw/avr-gcc-9.2.0-x64-mingw/bin/../lib/gcc/avr/9.2.0/../../../../avr/lib/avr5\libc.a(fputc.o)
 .bss           0x00000000008001c2        0x0 c:/users/user/desktop/elec 291/project 2/avr-gcc-9.2.0-x64-mingw/avr-gcc-9.2.0-x64-mingw/bin/../lib/gcc/avr/9.2.0/../../../../avr/lib/avr5\libc.a(ultoa_invert.o)
 .bss           0x00000000008001c2        0x0 c:/users/user/desktop/elec 291/project 2/avr-gcc-9.2.0-x64-mingw/avr-gcc-9.2.0-x64-mingw/bin/../lib/gcc/avr/9.2.0/avr5\libgcc.a(_prologue.o)
 .bss           0x00000000008001c2        0x0 c:/users/user/desktop/elec 291/project 2/avr-gcc-9.2.0-x64-mingw/avr-gcc-9.2.0-x64-mingw/bin/../lib/gcc/avr/9.2.0/avr5\libgcc.a(_epilogue.o)
 *(.bss*)
 *(COMMON)
 COMMON         0x00000000008001c2       0x4e RTC_test.o
                0x00000000008001c2                b
                0x00000000008001c4                timeStamp
                0x00000000008001d2                flag
                0x00000000008001d4                ind
                0x00000000008001d6                buf1
                0x00000000008001ea                c
                0x00000000008001ec                data
                0x00000000008001f6                s
                0x00000000008001f8                day
                0x00000000008001fa                buf
                0x000000000080020e                a
                0x0000000000800210                PROVIDE (__bss_end = .)
                0x0000000000000f70                __data_load_start = LOADADDR (.data)
                0x000000000000102e                __data_load_end = (__data_load_start + SIZEOF (.data))

.noinit         0x0000000000800210        0x0
                [!provide]                        PROVIDE (__noinit_start = .)
 *(.noinit*)
                [!provide]                        PROVIDE (__noinit_end = .)
                0x0000000000800210                _end = .
                [!provide]                        PROVIDE (__heap_start = .)

.eeprom         0x0000000000810000        0x0
 *(.eeprom*)
                0x0000000000810000                __eeprom_end = .

.fuse
 *(.fuse)
 *(.lfuse)
 *(.hfuse)
 *(.efuse)

.lock
 *(.lock*)

.signature
 *(.signature*)

.stab
 *(.stab)

.stabstr
 *(.stabstr)

.stab.excl
 *(.stab.excl)

.stab.exclstr
 *(.stab.exclstr)

.stab.index
 *(.stab.index)

.stab.indexstr
 *(.stab.indexstr)

.comment        0x0000000000000000       0x11
 *(.comment)
 .comment       0x0000000000000000       0x11 RTC_test.o
                                         0x12 (size before relaxing)
 .comment       0x0000000000000011       0x12 c:/users/user/desktop/elec 291/project 2/avr-gcc-9.2.0-x64-mingw/avr-gcc-9.2.0-x64-mingw/bin/../lib/gcc/avr/9.2.0/../../../../avr/lib/avr5\libc.a(sprintf.o)
 .comment       0x0000000000000011       0x12 c:/users/user/desktop/elec 291/project 2/avr-gcc-9.2.0-x64-mingw/avr-gcc-9.2.0-x64-mingw/bin/../lib/gcc/avr/9.2.0/../../../../avr/lib/avr5\libc.a(vfprintf_std.o)
 .comment       0x0000000000000011       0x12 c:/users/user/desktop/elec 291/project 2/avr-gcc-9.2.0-x64-mingw/avr-gcc-9.2.0-x64-mingw/bin/../lib/gcc/avr/9.2.0/../../../../avr/lib/avr5\libc.a(fputc.o)

.note.gnu.avr.deviceinfo
                0x0000000000000000       0x40
 .note.gnu.avr.deviceinfo
                0x0000000000000000       0x40 c:/users/user/desktop/elec 291/project 2/avr-gcc-9.2.0-x64-mingw/avr-gcc-9.2.0-x64-mingw/bin/../lib/gcc/avr/9.2.0/../../../../avr/lib/avr5/crtatmega328p.o

.note.gnu.build-id
 *(.note.gnu.build-id)

.debug
 *(.debug)

.line
 *(.line)

.debug_srcinfo
 *(.debug_srcinfo)

.debug_sfnames
 *(.debug_sfnames)

.debug_aranges  0x0000000000000000       0xc8
 *(.debug_aranges)
 .debug_aranges
                0x0000000000000000       0x28 RTC_test.o
 .debug_aranges
                0x0000000000000028       0x20 c:/users/user/desktop/elec 291/project 2/avr-gcc-9.2.0-x64-mingw/avr-gcc-9.2.0-x64-mingw/bin/../lib/gcc/avr/9.2.0/avr5\libgcc.a(_exit.o)
 .debug_aranges
                0x0000000000000048       0x20 c:/users/user/desktop/elec 291/project 2/avr-gcc-9.2.0-x64-mingw/avr-gcc-9.2.0-x64-mingw/bin/../lib/gcc/avr/9.2.0/avr5\libgcc.a(_copy_data.o)
 .debug_aranges
                0x0000000000000068       0x20 c:/users/user/desktop/elec 291/project 2/avr-gcc-9.2.0-x64-mingw/avr-gcc-9.2.0-x64-mingw/bin/../lib/gcc/avr/9.2.0/avr5\libgcc.a(_clear_bss.o)
 .debug_aranges
                0x0000000000000088       0x20 c:/users/user/desktop/elec 291/project 2/avr-gcc-9.2.0-x64-mingw/avr-gcc-9.2.0-x64-mingw/bin/../lib/gcc/avr/9.2.0/avr5\libgcc.a(_prologue.o)
 .debug_aranges
                0x00000000000000a8       0x20 c:/users/user/desktop/elec 291/project 2/avr-gcc-9.2.0-x64-mingw/avr-gcc-9.2.0-x64-mingw/bin/../lib/gcc/avr/9.2.0/avr5\libgcc.a(_epilogue.o)

.debug_pubnames
 *(.debug_pubnames)

.debug_info     0x0000000000000000     0x1c21
 *(.debug_info .gnu.linkonce.wi.*)
 .debug_info    0x0000000000000000      0x5f4 c:/users/user/desktop/elec 291/project 2/avr-gcc-9.2.0-x64-mingw/avr-gcc-9.2.0-x64-mingw/bin/../lib/gcc/avr/9.2.0/../../../../avr/lib/avr5/crtatmega328p.o
 .debug_info    0x00000000000005f4     0x156f RTC_test.o
 .debug_info    0x0000000000001b63       0x26 c:/users/user/desktop/elec 291/project 2/avr-gcc-9.2.0-x64-mingw/avr-gcc-9.2.0-x64-mingw/bin/../lib/gcc/avr/9.2.0/avr5\libgcc.a(_exit.o)
 .debug_info    0x0000000000001b89       0x26 c:/users/user/desktop/elec 291/project 2/avr-gcc-9.2.0-x64-mingw/avr-gcc-9.2.0-x64-mingw/bin/../lib/gcc/avr/9.2.0/avr5\libgcc.a(_copy_data.o)
 .debug_info    0x0000000000001baf       0x26 c:/users/user/desktop/elec 291/project 2/avr-gcc-9.2.0-x64-mingw/avr-gcc-9.2.0-x64-mingw/bin/../lib/gcc/avr/9.2.0/avr5\libgcc.a(_clear_bss.o)
 .debug_info    0x0000000000001bd5       0x26 c:/users/user/desktop/elec 291/project 2/avr-gcc-9.2.0-x64-mingw/avr-gcc-9.2.0-x64-mingw/bin/../lib/gcc/avr/9.2.0/avr5\libgcc.a(_prologue.o)
 .debug_info    0x0000000000001bfb       0x26 c:/users/user/desktop/elec 291/project 2/avr-gcc-9.2.0-x64-mingw/avr-gcc-9.2.0-x64-mingw/bin/../lib/gcc/avr/9.2.0/avr5\libgcc.a(_epilogue.o)

.debug_abbrev   0x0000000000000000      0xa6b
 *(.debug_abbrev)
 .debug_abbrev  0x0000000000000000      0x5a2 c:/users/user/desktop/elec 291/project 2/avr-gcc-9.2.0-x64-mingw/avr-gcc-9.2.0-x64-mingw/bin/../lib/gcc/avr/9.2.0/../../../../avr/lib/avr5/crtatmega328p.o
 .debug_abbrev  0x00000000000005a2      0x465 RTC_test.o
 .debug_abbrev  0x0000000000000a07       0x14 c:/users/user/desktop/elec 291/project 2/avr-gcc-9.2.0-x64-mingw/avr-gcc-9.2.0-x64-mingw/bin/../lib/gcc/avr/9.2.0/avr5\libgcc.a(_exit.o)
 .debug_abbrev  0x0000000000000a1b       0x14 c:/users/user/desktop/elec 291/project 2/avr-gcc-9.2.0-x64-mingw/avr-gcc-9.2.0-x64-mingw/bin/../lib/gcc/avr/9.2.0/avr5\libgcc.a(_copy_data.o)
 .debug_abbrev  0x0000000000000a2f       0x14 c:/users/user/desktop/elec 291/project 2/avr-gcc-9.2.0-x64-mingw/avr-gcc-9.2.0-x64-mingw/bin/../lib/gcc/avr/9.2.0/avr5\libgcc.a(_clear_bss.o)
 .debug_abbrev  0x0000000000000a43       0x14 c:/users/user/desktop/elec 291/project 2/avr-gcc-9.2.0-x64-mingw/avr-gcc-9.2.0-x64-mingw/bin/../lib/gcc/avr/9.2.0/avr5\libgcc.a(_prologue.o)
 .debug_abbrev  0x0000000000000a57       0x14 c:/users/user/desktop/elec 291/project 2/avr-gcc-9.2.0-x64-mingw/avr-gcc-9.2.0-x64-mingw/bin/../lib/gcc/avr/9.2.0/avr5\libgcc.a(_epilogue.o)

.debug_line     0x0000000000000000     0x1c9d
 *(.debug_line .debug_line.* .debug_line_end)
 .debug_line    0x0000000000000000       0x1d c:/users/user/desktop/elec 291/project 2/avr-gcc-9.2.0-x64-mingw/avr-gcc-9.2.0-x64-mingw/bin/../lib/gcc/avr/9.2.0/../../../../avr/lib/avr5/crtatmega328p.o
 .debug_line    0x000000000000001d     0x190f RTC_test.o
 .debug_line    0x000000000000192c       0x61 c:/users/user/desktop/elec 291/project 2/avr-gcc-9.2.0-x64-mingw/avr-gcc-9.2.0-x64-mingw/bin/../lib/gcc/avr/9.2.0/avr5\libgcc.a(_exit.o)
 .debug_line    0x000000000000198d       0x97 c:/users/user/desktop/elec 291/project 2/avr-gcc-9.2.0-x64-mingw/avr-gcc-9.2.0-x64-mingw/bin/../lib/gcc/avr/9.2.0/avr5\libgcc.a(_copy_data.o)
 .debug_line    0x0000000000001a24       0x85 c:/users/user/desktop/elec 291/project 2/avr-gcc-9.2.0-x64-mingw/avr-gcc-9.2.0-x64-mingw/bin/../lib/gcc/avr/9.2.0/avr5\libgcc.a(_clear_bss.o)
 .debug_line    0x0000000000001aa9       0xfd c:/users/user/desktop/elec 291/project 2/avr-gcc-9.2.0-x64-mingw/avr-gcc-9.2.0-x64-mingw/bin/../lib/gcc/avr/9.2.0/avr5\libgcc.a(_prologue.o)
 .debug_line    0x0000000000001ba6       0xf7 c:/users/user/desktop/elec 291/project 2/avr-gcc-9.2.0-x64-mingw/avr-gcc-9.2.0-x64-mingw/bin/../lib/gcc/avr/9.2.0/avr5\libgcc.a(_epilogue.o)

.debug_frame    0x0000000000000000      0x2fc
 *(.debug_frame)
 .debug_frame   0x0000000000000000      0x2fc RTC_test.o

.debug_str      0x0000000000000000      0x584
 *(.debug_str)
 .debug_str     0x0000000000000000      0x20b c:/users/user/desktop/elec 291/project 2/avr-gcc-9.2.0-x64-mingw/avr-gcc-9.2.0-x64-mingw/bin/../lib/gcc/avr/9.2.0/../../../../avr/lib/avr5/crtatmega328p.o
 .debug_str     0x000000000000020b      0x317 RTC_test.o
                                        0x35f (size before relaxing)
 .debug_str     0x0000000000000522       0x62 c:/users/user/desktop/elec 291/project 2/avr-gcc-9.2.0-x64-mingw/avr-gcc-9.2.0-x64-mingw/bin/../lib/gcc/avr/9.2.0/avr5\libgcc.a(_exit.o)
 .debug_str     0x0000000000000584       0x62 c:/users/user/desktop/elec 291/project 2/avr-gcc-9.2.0-x64-mingw/avr-gcc-9.2.0-x64-mingw/bin/../lib/gcc/avr/9.2.0/avr5\libgcc.a(_copy_data.o)
 .debug_str     0x0000000000000584       0x62 c:/users/user/desktop/elec 291/project 2/avr-gcc-9.2.0-x64-mingw/avr-gcc-9.2.0-x64-mingw/bin/../lib/gcc/avr/9.2.0/avr5\libgcc.a(_clear_bss.o)
 .debug_str     0x0000000000000584       0x62 c:/users/user/desktop/elec 291/project 2/avr-gcc-9.2.0-x64-mingw/avr-gcc-9.2.0-x64-mingw/bin/../lib/gcc/avr/9.2.0/avr5\libgcc.a(_prologue.o)
 .debug_str     0x0000000000000584       0x62 c:/users/user/desktop/elec 291/project 2/avr-gcc-9.2.0-x64-mingw/avr-gcc-9.2.0-x64-mingw/bin/../lib/gcc/avr/9.2.0/avr5\libgcc.a(_epilogue.o)

.debug_loc      0x0000000000000000      0x885
 *(.debug_loc)
 .debug_loc     0x0000000000000000      0x885 RTC_test.o

.debug_macinfo
 *(.debug_macinfo)

.debug_weaknames
 *(.debug_weaknames)

.debug_funcnames
 *(.debug_funcnames)

.debug_typenames
 *(.debug_typenames)

.debug_varnames
 *(.debug_varnames)

.debug_pubtypes
 *(.debug_pubtypes)

.debug_ranges   0x0000000000000000       0x38
 *(.debug_ranges)
 .debug_ranges  0x0000000000000000       0x38 RTC_test.o

.debug_macro
 *(.debug_macro)

.debug_addr
 *(.debug_addr)
OUTPUT(RTC_test.elf elf32-avr)
LOAD linker stubs
